Archive member included to satisfy reference by file (symbol)

c:/program files (x86)/gnu tools arm embedded/8 2018-q4-major/bin/../lib/gcc/arm-none-eabi/8.2.1/../../../../arm-none-eabi/lib/thumb/v7e-m+fp/hard\libc_nano.a(lib_a-memset.o)
                              bin/main.o (memset)
c:/program files (x86)/gnu tools arm embedded/8 2018-q4-major/bin/../lib/gcc/arm-none-eabi/8.2.1/thumb/v7e-m+fp/hard\libgcc.a(_arm_truncdfsf2.o)
                              bin/am_util_stdio.o (__aeabi_d2f)
c:/program files (x86)/gnu tools arm embedded/8 2018-q4-major/bin/../lib/gcc/arm-none-eabi/8.2.1/thumb/v7e-m+fp/hard\libgcc.a(_aeabi_uldivmod.o)
                              bin/svl_utils.o (__aeabi_uldivmod)
c:/program files (x86)/gnu tools arm embedded/8 2018-q4-major/bin/../lib/gcc/arm-none-eabi/8.2.1/thumb/v7e-m+fp/hard\libgcc.a(_udivmoddi4.o)
                              c:/program files (x86)/gnu tools arm embedded/8 2018-q4-major/bin/../lib/gcc/arm-none-eabi/8.2.1/thumb/v7e-m+fp/hard\libgcc.a(_aeabi_uldivmod.o) (__udivmoddi4)
c:/program files (x86)/gnu tools arm embedded/8 2018-q4-major/bin/../lib/gcc/arm-none-eabi/8.2.1/thumb/v7e-m+fp/hard\libgcc.a(_dvmd_tls.o)
                              c:/program files (x86)/gnu tools arm embedded/8 2018-q4-major/bin/../lib/gcc/arm-none-eabi/8.2.1/thumb/v7e-m+fp/hard\libgcc.a(_aeabi_uldivmod.o) (__aeabi_ldiv0)
../../../../../mcu/apollo3/hal/gcc/bin/libam_hal.a(am_hal_burst.o)
                              bin/svl_utils.o (am_hal_burst_mode_initialize)
../../../../../mcu/apollo3/hal/gcc/bin/libam_hal.a(am_hal_cachectrl.o)
                              bin/main.o (am_hal_cachectrl_config)
../../../../../mcu/apollo3/hal/gcc/bin/libam_hal.a(am_hal_clkgen.o)
                              bin/main.o (am_hal_clkgen_control)
../../../../../mcu/apollo3/hal/gcc/bin/libam_hal.a(am_hal_flash.o)
                              bin/main.o (am_hal_flash_page_erase)
../../../../../mcu/apollo3/hal/gcc/bin/libam_hal.a(am_hal_gpio.o)
                              bin/main.o (am_hal_gpio_pinconfig)
../../../../../mcu/apollo3/hal/gcc/bin/libam_hal.a(am_hal_interrupt.o)
                              bin/main.o (am_hal_interrupt_master_enable)
../../../../../mcu/apollo3/hal/gcc/bin/libam_hal.a(am_hal_mcuctrl.o)
                              bin/am_util_faultisr.o (am_hal_mcuctrl_info_get)
../../../../../mcu/apollo3/hal/gcc/bin/libam_hal.a(am_hal_reset.o)
                              bin/main.o (am_hal_reset_control)
../../../../../mcu/apollo3/hal/gcc/bin/libam_hal.a(am_hal_stimer.o)
                              bin/svl_utils.o (am_hal_stimer_counter_get)
../../../../../mcu/apollo3/hal/gcc/bin/libam_hal.a(am_hal_sysctrl.o)
                              bin/main.o (am_hal_sysctrl_sleep)
../../../../../mcu/apollo3/hal/gcc/bin/libam_hal.a(am_hal_uart.o)
                              bin/main.o (am_hal_uart_initialize)
../../../../../mcu/apollo3/hal/gcc/bin/libam_hal.a(am_hal_pwrctrl.o)
                              ../../../../../mcu/apollo3/hal/gcc/bin/libam_hal.a(am_hal_uart.o) (am_hal_pwrctrl_periph_enable)
../../../../../mcu/apollo3/hal/gcc/bin/libam_hal.a(am_hal_queue.o)
                              ../../../../../mcu/apollo3/hal/gcc/bin/libam_hal.a(am_hal_uart.o) (am_hal_queue_init)

Allocating common symbols
Common symbol       size              file

g_pfnCharPrint      0x4               bin/am_util_stdio.o
g_am_hal_uart_states
                    0xc8              ../../../../../mcu/apollo3/hal/gcc/bin/libam_hal.a(am_hal_uart.o)

Discarded input sections

 .text          0x00000000        0x0 bin/main.o
 .data          0x00000000        0x0 bin/main.o
 .bss           0x00000000        0x0 bin/main.o
 .bss.hUART_debug
                0x00000000        0x4 bin/main.o
 .text          0x00000000        0x0 bin/am_devices_led.o
 .data          0x00000000        0x0 bin/am_devices_led.o
 .bss           0x00000000        0x0 bin/am_devices_led.o
 .text.am_devices_led_init
                0x00000000       0x9c bin/am_devices_led.o
 .text.am_devices_led_array_disable
                0x00000000       0x60 bin/am_devices_led.o
 .text.am_devices_led_array_init
                0x00000000       0x42 bin/am_devices_led.o
 .text.am_devices_led_on
                0x00000000       0x76 bin/am_devices_led.o
 .text.am_devices_led_off
                0x00000000       0x7c bin/am_devices_led.o
 .text.am_devices_led_toggle
                0x00000000       0x9e bin/am_devices_led.o
 .text.am_devices_led_get
                0x00000000       0x78 bin/am_devices_led.o
 .text.am_devices_led_array_out
                0x00000000       0x4c bin/am_devices_led.o
 .debug_info    0x00000000      0xaea bin/am_devices_led.o
 .debug_abbrev  0x00000000      0x257 bin/am_devices_led.o
 .debug_aranges
                0x00000000       0x58 bin/am_devices_led.o
 .debug_ranges  0x00000000       0x48 bin/am_devices_led.o
 .debug_line    0x00000000      0x4fd bin/am_devices_led.o
 .debug_str     0x00000000      0xd9d bin/am_devices_led.o
 .comment       0x00000000       0x76 bin/am_devices_led.o
 .debug_frame   0x00000000      0x130 bin/am_devices_led.o
 .ARM.attributes
                0x00000000       0x34 bin/am_devices_led.o
 .text          0x00000000        0x0 bin/am_util_delay.o
 .data          0x00000000        0x0 bin/am_util_delay.o
 .bss           0x00000000        0x0 bin/am_util_delay.o
 .text.am_util_delay_cycles
                0x00000000       0x16 bin/am_util_delay.o
 .text          0x00000000        0x0 bin/am_util_faultisr.o
 .data          0x00000000        0x0 bin/am_util_faultisr.o
 .bss           0x00000000        0x0 bin/am_util_faultisr.o
 .text          0x00000000        0x0 bin/am_util_stdio.o
 .data          0x00000000        0x0 bin/am_util_stdio.o
 .bss           0x00000000        0x0 bin/am_util_stdio.o
 .bss.g_prfbuf  0x00000000      0x100 bin/am_util_stdio.o
 .bss.g_bTxtXlate
                0x00000000        0x1 bin/am_util_stdio.o
 .text.am_util_stdio_printf_init
                0x00000000       0x20 bin/am_util_stdio.o
 .text.am_util_stdio_strtoul
                0x00000000      0x108 bin/am_util_stdio.o
 .text.divu64_10
                0x00000000      0x1fa bin/am_util_stdio.o
 .text.ndigits_in_u64
                0x00000000       0x42 bin/am_util_stdio.o
 .text.ndigits_in_i64
                0x00000000       0x3a bin/am_util_stdio.o
 .text.ndigits_in_hex
                0x00000000       0x50 bin/am_util_stdio.o
 .text.decstr_to_int
                0x00000000       0x8c bin/am_util_stdio.o
 .text.uint64_to_str
                0x00000000       0x90 bin/am_util_stdio.o
 .text.uint64_to_hexstr
                0x00000000       0xc8 bin/am_util_stdio.o
 .text.simple_strlen
                0x00000000       0x36 bin/am_util_stdio.o
 .text.padbuffer
                0x00000000       0x4a bin/am_util_stdio.o
 .text.am_util_stdio_textmode_set
                0x00000000       0x28 bin/am_util_stdio.o
 .text.ftoa     0x00000000      0x1fc bin/am_util_stdio.o
 .text.am_util_stdio_vsprintf
                0x00000000      0x618 bin/am_util_stdio.o
 .text.am_util_stdio_sprintf
                0x00000000       0x2c bin/am_util_stdio.o
 .text.am_util_stdio_printf
                0x00000000       0x48 bin/am_util_stdio.o
 .rodata        0x00000000       0x13 bin/am_util_stdio.o
 .text.am_util_stdio_terminal_clear
                0x00000000       0x14 bin/am_util_stdio.o
 .debug_info    0x00000000      0x91c bin/am_util_stdio.o
 .debug_abbrev  0x00000000      0x235 bin/am_util_stdio.o
 .debug_aranges
                0x00000000       0xa0 bin/am_util_stdio.o
 .debug_ranges  0x00000000       0x90 bin/am_util_stdio.o
 .debug_line    0x00000000      0xa49 bin/am_util_stdio.o
 .debug_str     0x00000000      0x58e bin/am_util_stdio.o
 .comment       0x00000000       0x76 bin/am_util_stdio.o
 .debug_frame   0x00000000      0x2e8 bin/am_util_stdio.o
 .ARM.attributes
                0x00000000       0x34 bin/am_util_stdio.o
 COMMON         0x00000000        0x4 bin/am_util_stdio.o
 .text          0x00000000        0x0 bin/am_util_id.o
 .data          0x00000000        0x0 bin/am_util_id.o
 .bss           0x00000000        0x0 bin/am_util_id.o
 .rodata.g_DeviceNameApollo
                0x00000000        0x7 bin/am_util_id.o
 .rodata.g_DeviceNameApollo2
                0x00000000        0x8 bin/am_util_id.o
 .rodata.g_DeviceNameApollo3
                0x00000000        0x8 bin/am_util_id.o
 .rodata.g_ui8VendorNameAmbq
                0x00000000        0x5 bin/am_util_id.o
 .rodata.g_ui8VendorNameUnknown
                0x00000000        0x5 bin/am_util_id.o
 .rodata.g_ui8DeviceNameUnknown
                0x00000000        0xf bin/am_util_id.o
 .text.am_util_id_device
                0x00000000      0x1a4 bin/am_util_id.o
 .debug_info    0x00000000      0xc6a bin/am_util_id.o
 .debug_abbrev  0x00000000      0x1ed bin/am_util_id.o
 .debug_aranges
                0x00000000       0x20 bin/am_util_id.o
 .debug_ranges  0x00000000       0x10 bin/am_util_id.o
 .debug_line    0x00000000      0x375 bin/am_util_id.o
 .debug_str     0x00000000     0x13df bin/am_util_id.o
 .comment       0x00000000       0x76 bin/am_util_id.o
 .debug_frame   0x00000000       0x34 bin/am_util_id.o
 .ARM.attributes
                0x00000000       0x34 bin/am_util_id.o
 .text          0x00000000        0x0 bin/startup_gcc.o
 .data          0x00000000        0x0 bin/startup_gcc.o
 .bss           0x00000000        0x0 bin/startup_gcc.o
 .text.HardFault_Handler
                0x00000000        0x6 bin/startup_gcc.o
 .text          0x00000000        0x0 bin/svl_ringbuf.o
 .data          0x00000000        0x0 bin/svl_ringbuf.o
 .bss           0x00000000        0x0 bin/svl_ringbuf.o
 .text          0x00000000        0x0 bin/svl_packet.o
 .data          0x00000000        0x0 bin/svl_packet.o
 .bss           0x00000000        0x0 bin/svl_packet.o
 .text          0x00000000        0x0 bin/svl_uart.o
 .data          0x00000000        0x0 bin/svl_uart.o
 .bss           0x00000000        0x0 bin/svl_uart.o
 .text.svl_uart_print
                0x00000000       0x36 bin/svl_uart.o
 .text          0x00000000        0x0 bin/svl_utils.o
 .data          0x00000000        0x0 bin/svl_utils.o
 .bss           0x00000000        0x0 bin/svl_utils.o
 .text          0x00000000        0x0 c:/program files (x86)/gnu tools arm embedded/8 2018-q4-major/bin/../lib/gcc/arm-none-eabi/8.2.1/../../../../arm-none-eabi/lib/thumb/v7e-m+fp/hard\libc_nano.a(lib_a-memset.o)
 .data          0x00000000        0x0 c:/program files (x86)/gnu tools arm embedded/8 2018-q4-major/bin/../lib/gcc/arm-none-eabi/8.2.1/../../../../arm-none-eabi/lib/thumb/v7e-m+fp/hard\libc_nano.a(lib_a-memset.o)
 .bss           0x00000000        0x0 c:/program files (x86)/gnu tools arm embedded/8 2018-q4-major/bin/../lib/gcc/arm-none-eabi/8.2.1/../../../../arm-none-eabi/lib/thumb/v7e-m+fp/hard\libc_nano.a(lib_a-memset.o)
 .text          0x00000000       0xa0 c:/program files (x86)/gnu tools arm embedded/8 2018-q4-major/bin/../lib/gcc/arm-none-eabi/8.2.1/thumb/v7e-m+fp/hard\libgcc.a(_arm_truncdfsf2.o)
 .data          0x00000000        0x0 c:/program files (x86)/gnu tools arm embedded/8 2018-q4-major/bin/../lib/gcc/arm-none-eabi/8.2.1/thumb/v7e-m+fp/hard\libgcc.a(_arm_truncdfsf2.o)
 .bss           0x00000000        0x0 c:/program files (x86)/gnu tools arm embedded/8 2018-q4-major/bin/../lib/gcc/arm-none-eabi/8.2.1/thumb/v7e-m+fp/hard\libgcc.a(_arm_truncdfsf2.o)
 .debug_frame   0x00000000       0x24 c:/program files (x86)/gnu tools arm embedded/8 2018-q4-major/bin/../lib/gcc/arm-none-eabi/8.2.1/thumb/v7e-m+fp/hard\libgcc.a(_arm_truncdfsf2.o)
 .ARM.attributes
                0x00000000       0x1e c:/program files (x86)/gnu tools arm embedded/8 2018-q4-major/bin/../lib/gcc/arm-none-eabi/8.2.1/thumb/v7e-m+fp/hard\libgcc.a(_arm_truncdfsf2.o)
 .data          0x00000000        0x0 c:/program files (x86)/gnu tools arm embedded/8 2018-q4-major/bin/../lib/gcc/arm-none-eabi/8.2.1/thumb/v7e-m+fp/hard\libgcc.a(_aeabi_uldivmod.o)
 .bss           0x00000000        0x0 c:/program files (x86)/gnu tools arm embedded/8 2018-q4-major/bin/../lib/gcc/arm-none-eabi/8.2.1/thumb/v7e-m+fp/hard\libgcc.a(_aeabi_uldivmod.o)
 .data          0x00000000        0x0 c:/program files (x86)/gnu tools arm embedded/8 2018-q4-major/bin/../lib/gcc/arm-none-eabi/8.2.1/thumb/v7e-m+fp/hard\libgcc.a(_udivmoddi4.o)
 .bss           0x00000000        0x0 c:/program files (x86)/gnu tools arm embedded/8 2018-q4-major/bin/../lib/gcc/arm-none-eabi/8.2.1/thumb/v7e-m+fp/hard\libgcc.a(_udivmoddi4.o)
 .ARM.extab     0x00000000        0x0 c:/program files (x86)/gnu tools arm embedded/8 2018-q4-major/bin/../lib/gcc/arm-none-eabi/8.2.1/thumb/v7e-m+fp/hard\libgcc.a(_udivmoddi4.o)
 .data          0x00000000        0x0 c:/program files (x86)/gnu tools arm embedded/8 2018-q4-major/bin/../lib/gcc/arm-none-eabi/8.2.1/thumb/v7e-m+fp/hard\libgcc.a(_dvmd_tls.o)
 .bss           0x00000000        0x0 c:/program files (x86)/gnu tools arm embedded/8 2018-q4-major/bin/../lib/gcc/arm-none-eabi/8.2.1/thumb/v7e-m+fp/hard\libgcc.a(_dvmd_tls.o)
 .text          0x00000000        0x0 ../../../../../mcu/apollo3/hal/gcc/bin/libam_hal.a(am_hal_burst.o)
 .data          0x00000000        0x0 ../../../../../mcu/apollo3/hal/gcc/bin/libam_hal.a(am_hal_burst.o)
 .bss           0x00000000        0x0 ../../../../../mcu/apollo3/hal/gcc/bin/libam_hal.a(am_hal_burst.o)
 .text          0x00000000        0x0 ../../../../../mcu/apollo3/hal/gcc/bin/libam_hal.a(am_hal_cachectrl.o)
 .data          0x00000000        0x0 ../../../../../mcu/apollo3/hal/gcc/bin/libam_hal.a(am_hal_cachectrl.o)
 .bss           0x00000000        0x0 ../../../../../mcu/apollo3/hal/gcc/bin/libam_hal.a(am_hal_cachectrl.o)
 .text.am_hal_cachectrl_disable
                0x00000000       0x30 ../../../../../mcu/apollo3/hal/gcc/bin/libam_hal.a(am_hal_cachectrl.o)
 .text.am_hal_cachectrl_control
                0x00000000      0x2e4 ../../../../../mcu/apollo3/hal/gcc/bin/libam_hal.a(am_hal_cachectrl.o)
 .text.am_hal_cachectrl_status_get
                0x00000000       0x24 ../../../../../mcu/apollo3/hal/gcc/bin/libam_hal.a(am_hal_cachectrl.o)
 .text          0x00000000        0x0 ../../../../../mcu/apollo3/hal/gcc/bin/libam_hal.a(am_hal_clkgen.o)
 .data          0x00000000        0x0 ../../../../../mcu/apollo3/hal/gcc/bin/libam_hal.a(am_hal_clkgen.o)
 .bss           0x00000000        0x0 ../../../../../mcu/apollo3/hal/gcc/bin/libam_hal.a(am_hal_clkgen.o)
 .text.am_hal_clkgen_clkout_enable
                0x00000000       0x48 ../../../../../mcu/apollo3/hal/gcc/bin/libam_hal.a(am_hal_clkgen.o)
 .text.am_hal_clkgen_interrupt_enable
                0x00000000       0x1c ../../../../../mcu/apollo3/hal/gcc/bin/libam_hal.a(am_hal_clkgen.o)
 .text.am_hal_clkgen_interrupt_disable
                0x00000000       0x20 ../../../../../mcu/apollo3/hal/gcc/bin/libam_hal.a(am_hal_clkgen.o)
 .text.am_hal_clkgen_interrupt_clear
                0x00000000       0x18 ../../../../../mcu/apollo3/hal/gcc/bin/libam_hal.a(am_hal_clkgen.o)
 .text.am_hal_clkgen_interrupt_status_get
                0x00000000       0x1c ../../../../../mcu/apollo3/hal/gcc/bin/libam_hal.a(am_hal_clkgen.o)
 .text.am_hal_clkgen_interrupt_set
                0x00000000       0x18 ../../../../../mcu/apollo3/hal/gcc/bin/libam_hal.a(am_hal_clkgen.o)
 .text          0x00000000        0x0 ../../../../../mcu/apollo3/hal/gcc/bin/libam_hal.a(am_hal_flash.o)
 .data          0x00000000        0x0 ../../../../../mcu/apollo3/hal/gcc/bin/libam_hal.a(am_hal_flash.o)
 .bss           0x00000000        0x0 ../../../../../mcu/apollo3/hal/gcc/bin/libam_hal.a(am_hal_flash.o)
 .text.am_hal_flash_mass_erase
                0x00000000        0x8 ../../../../../mcu/apollo3/hal/gcc/bin/libam_hal.a(am_hal_flash.o)
 .text.am_hal_flash_clear_bits
                0x00000000       0x24 ../../../../../mcu/apollo3/hal/gcc/bin/libam_hal.a(am_hal_flash.o)
 .text.am_hal_flash_program_info
                0x00000000       0x60 ../../../../../mcu/apollo3/hal/gcc/bin/libam_hal.a(am_hal_flash.o)
 .text.am_hal_flash_erase_info
                0x00000000        0x8 ../../../../../mcu/apollo3/hal/gcc/bin/libam_hal.a(am_hal_flash.o)
 .text.am_hal_flash_erase_main_plus_info
                0x00000000        0x8 ../../../../../mcu/apollo3/hal/gcc/bin/libam_hal.a(am_hal_flash.o)
 .text.am_hal_flash_erase_main_plus_info_both_instances
                0x00000000        0x8 ../../../../../mcu/apollo3/hal/gcc/bin/libam_hal.a(am_hal_flash.o)
 .text.am_hal_flash_recovery
                0x00000000        0x8 ../../../../../mcu/apollo3/hal/gcc/bin/libam_hal.a(am_hal_flash.o)
 .text.am_hal_flash_delay_status_change
                0x00000000       0x4c ../../../../../mcu/apollo3/hal/gcc/bin/libam_hal.a(am_hal_flash.o)
 .text.am_hal_flash_customer_info_signature_check
                0x00000000       0x54 ../../../../../mcu/apollo3/hal/gcc/bin/libam_hal.a(am_hal_flash.o)
 .text.am_hal_flash_info_signature_set
                0x00000000       0xac ../../../../../mcu/apollo3/hal/gcc/bin/libam_hal.a(am_hal_flash.o)
 .text.am_hal_flash_info_erase_disable
                0x00000000       0xc4 ../../../../../mcu/apollo3/hal/gcc/bin/libam_hal.a(am_hal_flash.o)
 .text.am_hal_flash_info_erase_disable_check
                0x00000000       0x64 ../../../../../mcu/apollo3/hal/gcc/bin/libam_hal.a(am_hal_flash.o)
 .text.am_hal_flash_info_program_disable
                0x00000000       0xd0 ../../../../../mcu/apollo3/hal/gcc/bin/libam_hal.a(am_hal_flash.o)
 .text.am_hal_flash_info_program_disable_get
                0x00000000       0x64 ../../../../../mcu/apollo3/hal/gcc/bin/libam_hal.a(am_hal_flash.o)
 .text.am_hal_flash_wipe_flash_enable
                0x00000000       0xc4 ../../../../../mcu/apollo3/hal/gcc/bin/libam_hal.a(am_hal_flash.o)
 .text.am_hal_flash_wipe_flash_enable_check
                0x00000000       0x64 ../../../../../mcu/apollo3/hal/gcc/bin/libam_hal.a(am_hal_flash.o)
 .text.am_hal_flash_wipe_sram_enable
                0x00000000       0xc4 ../../../../../mcu/apollo3/hal/gcc/bin/libam_hal.a(am_hal_flash.o)
 .text.am_hal_flash_wipe_sram_enable_check
                0x00000000       0x64 ../../../../../mcu/apollo3/hal/gcc/bin/libam_hal.a(am_hal_flash.o)
 .text.am_hal_flash_swo_disable
                0x00000000       0xc4 ../../../../../mcu/apollo3/hal/gcc/bin/libam_hal.a(am_hal_flash.o)
 .text.am_hal_flash_swo_disable_check
                0x00000000       0x64 ../../../../../mcu/apollo3/hal/gcc/bin/libam_hal.a(am_hal_flash.o)
 .text.am_hal_flash_debugger_disable
                0x00000000       0xc4 ../../../../../mcu/apollo3/hal/gcc/bin/libam_hal.a(am_hal_flash.o)
 .text.am_hal_flash_debugger_disable_check
                0x00000000       0x64 ../../../../../mcu/apollo3/hal/gcc/bin/libam_hal.a(am_hal_flash.o)
 .text.am_hal_flash_copy_protect_set
                0x00000000      0x118 ../../../../../mcu/apollo3/hal/gcc/bin/libam_hal.a(am_hal_flash.o)
 .text.am_hal_flash_copy_protect_check
                0x00000000       0x9c ../../../../../mcu/apollo3/hal/gcc/bin/libam_hal.a(am_hal_flash.o)
 .text.am_hal_flash_write_protect_set
                0x00000000      0x118 ../../../../../mcu/apollo3/hal/gcc/bin/libam_hal.a(am_hal_flash.o)
 .text.am_hal_flash_write_protect_check
                0x00000000       0x9c ../../../../../mcu/apollo3/hal/gcc/bin/libam_hal.a(am_hal_flash.o)
 .text.am_hal_flash_load_ui32
                0x00000000        0x8 ../../../../../mcu/apollo3/hal/gcc/bin/libam_hal.a(am_hal_flash.o)
 .rodata.ui32SramMaxAddr
                0x00000000        0x4 ../../../../../mcu/apollo3/hal/gcc/bin/libam_hal.a(am_hal_flash.o)
 .rodata.g_am_hal_flash
                0x00000000       0x60 ../../../../../mcu/apollo3/hal/gcc/bin/libam_hal.a(am_hal_flash.o)
 .text          0x00000000        0x0 ../../../../../mcu/apollo3/hal/gcc/bin/libam_hal.a(am_hal_gpio.o)
 .data          0x00000000        0x0 ../../../../../mcu/apollo3/hal/gcc/bin/libam_hal.a(am_hal_gpio.o)
 .bss           0x00000000        0x0 ../../../../../mcu/apollo3/hal/gcc/bin/libam_hal.a(am_hal_gpio.o)
 .text.am_hal_gpio_fast_pinconfig
                0x00000000      0x3a0 ../../../../../mcu/apollo3/hal/gcc/bin/libam_hal.a(am_hal_gpio.o)
 .text.am_hal_gpio_state_read
                0x00000000       0x64 ../../../../../mcu/apollo3/hal/gcc/bin/libam_hal.a(am_hal_gpio.o)
 .text.am_hal_gpio_state_write
                0x00000000       0x88 ../../../../../mcu/apollo3/hal/gcc/bin/libam_hal.a(am_hal_gpio.o)
 .text.am_hal_gpio_interrupt_status_get
                0x00000000       0x5c ../../../../../mcu/apollo3/hal/gcc/bin/libam_hal.a(am_hal_gpio.o)
 .text.am_hal_gpio_interrupt_register
                0x00000000       0x20 ../../../../../mcu/apollo3/hal/gcc/bin/libam_hal.a(am_hal_gpio.o)
 .text.am_hal_gpio_interrupt_service
                0x00000000       0x98 ../../../../../mcu/apollo3/hal/gcc/bin/libam_hal.a(am_hal_gpio.o)
 .rodata.g_AM_HAL_GPIO_INPUT_PULLUP_6
                0x00000000        0x4 ../../../../../mcu/apollo3/hal/gcc/bin/libam_hal.a(am_hal_gpio.o)
 .rodata.g_AM_HAL_GPIO_TRISTATE
                0x00000000        0x4 ../../../../../mcu/apollo3/hal/gcc/bin/libam_hal.a(am_hal_gpio.o)
 .rodata.g_AM_HAL_GPIO_OUTPUT_8
                0x00000000        0x4 ../../../../../mcu/apollo3/hal/gcc/bin/libam_hal.a(am_hal_gpio.o)
 .rodata.g_AM_HAL_GPIO_INPUT
                0x00000000        0x4 ../../../../../mcu/apollo3/hal/gcc/bin/libam_hal.a(am_hal_gpio.o)
 .rodata.g_AM_HAL_GPIO_INPUT_PULLUP_1_5
                0x00000000        0x4 ../../../../../mcu/apollo3/hal/gcc/bin/libam_hal.a(am_hal_gpio.o)
 .rodata.g_AM_HAL_GPIO_INPUT_PULLUP_24
                0x00000000        0x4 ../../../../../mcu/apollo3/hal/gcc/bin/libam_hal.a(am_hal_gpio.o)
 .rodata.g_AM_HAL_GPIO_OUTPUT_WITH_READ
                0x00000000        0x4 ../../../../../mcu/apollo3/hal/gcc/bin/libam_hal.a(am_hal_gpio.o)
 .rodata.g_AM_HAL_GPIO_OUTPUT_4
                0x00000000        0x4 ../../../../../mcu/apollo3/hal/gcc/bin/libam_hal.a(am_hal_gpio.o)
 .bss.gpio_ppfnHandlers
                0x00000000       0xc8 ../../../../../mcu/apollo3/hal/gcc/bin/libam_hal.a(am_hal_gpio.o)
 .rodata.g_AM_HAL_GPIO_INPUT_PULLUP_12
                0x00000000        0x4 ../../../../../mcu/apollo3/hal/gcc/bin/libam_hal.a(am_hal_gpio.o)
 .rodata.g_AM_HAL_GPIO_OUTPUT
                0x00000000        0x4 ../../../../../mcu/apollo3/hal/gcc/bin/libam_hal.a(am_hal_gpio.o)
 .rodata.g_AM_HAL_GPIO_OUTPUT_12
                0x00000000        0x4 ../../../../../mcu/apollo3/hal/gcc/bin/libam_hal.a(am_hal_gpio.o)
 .text          0x00000000        0x0 ../../../../../mcu/apollo3/hal/gcc/bin/libam_hal.a(am_hal_interrupt.o)
 .data          0x00000000        0x0 ../../../../../mcu/apollo3/hal/gcc/bin/libam_hal.a(am_hal_interrupt.o)
 .bss           0x00000000        0x0 ../../../../../mcu/apollo3/hal/gcc/bin/libam_hal.a(am_hal_interrupt.o)
 .text          0x00000000        0x0 ../../../../../mcu/apollo3/hal/gcc/bin/libam_hal.a(am_hal_mcuctrl.o)
 .data          0x00000000        0x0 ../../../../../mcu/apollo3/hal/gcc/bin/libam_hal.a(am_hal_mcuctrl.o)
 .bss           0x00000000        0x0 ../../../../../mcu/apollo3/hal/gcc/bin/libam_hal.a(am_hal_mcuctrl.o)
 .text.am_hal_mcuctrl_control
                0x00000000      0x1d0 ../../../../../mcu/apollo3/hal/gcc/bin/libam_hal.a(am_hal_mcuctrl.o)
 .text.am_hal_mcuctrl_status_get
                0x00000000       0x48 ../../../../../mcu/apollo3/hal/gcc/bin/libam_hal.a(am_hal_mcuctrl.o)
 .text          0x00000000        0x0 ../../../../../mcu/apollo3/hal/gcc/bin/libam_hal.a(am_hal_reset.o)
 .data          0x00000000        0x0 ../../../../../mcu/apollo3/hal/gcc/bin/libam_hal.a(am_hal_reset.o)
 .bss           0x00000000        0x0 ../../../../../mcu/apollo3/hal/gcc/bin/libam_hal.a(am_hal_reset.o)
 .text.am_hal_reset_configure
                0x00000000       0x54 ../../../../../mcu/apollo3/hal/gcc/bin/libam_hal.a(am_hal_reset.o)
 .text.am_hal_reset_status_get
                0x00000000       0x70 ../../../../../mcu/apollo3/hal/gcc/bin/libam_hal.a(am_hal_reset.o)
 .text.am_hal_reset_interrupt_enable
                0x00000000       0x28 ../../../../../mcu/apollo3/hal/gcc/bin/libam_hal.a(am_hal_reset.o)
 .text.am_hal_reset_interrupt_disable
                0x00000000       0x28 ../../../../../mcu/apollo3/hal/gcc/bin/libam_hal.a(am_hal_reset.o)
 .text.am_hal_reset_interrupt_clear
                0x00000000        0xc ../../../../../mcu/apollo3/hal/gcc/bin/libam_hal.a(am_hal_reset.o)
 .text.am_hal_reset_interrupt_status_get
                0x00000000       0x14 ../../../../../mcu/apollo3/hal/gcc/bin/libam_hal.a(am_hal_reset.o)
 .text          0x00000000        0x0 ../../../../../mcu/apollo3/hal/gcc/bin/libam_hal.a(am_hal_stimer.o)
 .data          0x00000000        0x0 ../../../../../mcu/apollo3/hal/gcc/bin/libam_hal.a(am_hal_stimer.o)
 .bss           0x00000000        0x0 ../../../../../mcu/apollo3/hal/gcc/bin/libam_hal.a(am_hal_stimer.o)
 .text.am_hal_stimer_config
                0x00000000       0x14 ../../../../../mcu/apollo3/hal/gcc/bin/libam_hal.a(am_hal_stimer.o)
 .text.am_hal_stimer_counter_clear
                0x00000000       0x20 ../../../../../mcu/apollo3/hal/gcc/bin/libam_hal.a(am_hal_stimer.o)
 .text.am_hal_stimer_compare_delta_set
                0x00000000       0xa8 ../../../../../mcu/apollo3/hal/gcc/bin/libam_hal.a(am_hal_stimer.o)
 .text.am_hal_stimer_compare_get
                0x00000000       0x18 ../../../../../mcu/apollo3/hal/gcc/bin/libam_hal.a(am_hal_stimer.o)
 .text.am_hal_stimer_capture_start
                0x00000000       0x9c ../../../../../mcu/apollo3/hal/gcc/bin/libam_hal.a(am_hal_stimer.o)
 .text.am_hal_stimer_capture_stop
                0x00000000       0x1c ../../../../../mcu/apollo3/hal/gcc/bin/libam_hal.a(am_hal_stimer.o)
 .text.am_hal_stimer_nvram_set
                0x00000000        0x4 ../../../../../mcu/apollo3/hal/gcc/bin/libam_hal.a(am_hal_stimer.o)
 .text.am_hal_stimer_nvram_get
                0x00000000       0x18 ../../../../../mcu/apollo3/hal/gcc/bin/libam_hal.a(am_hal_stimer.o)
 .text.am_hal_stimer_capture_get
                0x00000000       0x18 ../../../../../mcu/apollo3/hal/gcc/bin/libam_hal.a(am_hal_stimer.o)
 .text.am_hal_stimer_int_enable
                0x00000000       0x14 ../../../../../mcu/apollo3/hal/gcc/bin/libam_hal.a(am_hal_stimer.o)
 .text.am_hal_stimer_int_enable_get
                0x00000000        0xc ../../../../../mcu/apollo3/hal/gcc/bin/libam_hal.a(am_hal_stimer.o)
 .text.am_hal_stimer_int_disable
                0x00000000       0x14 ../../../../../mcu/apollo3/hal/gcc/bin/libam_hal.a(am_hal_stimer.o)
 .text.am_hal_stimer_int_set
                0x00000000        0xc ../../../../../mcu/apollo3/hal/gcc/bin/libam_hal.a(am_hal_stimer.o)
 .text.am_hal_stimer_int_status_get
                0x00000000       0x18 ../../../../../mcu/apollo3/hal/gcc/bin/libam_hal.a(am_hal_stimer.o)
 .text          0x00000000        0x0 ../../../../../mcu/apollo3/hal/gcc/bin/libam_hal.a(am_hal_sysctrl.o)
 .data          0x00000000        0x0 ../../../../../mcu/apollo3/hal/gcc/bin/libam_hal.a(am_hal_sysctrl.o)
 .bss           0x00000000        0x0 ../../../../../mcu/apollo3/hal/gcc/bin/libam_hal.a(am_hal_sysctrl.o)
 .text.am_hal_sysctrl_fpu_enable
                0x00000000       0x10 ../../../../../mcu/apollo3/hal/gcc/bin/libam_hal.a(am_hal_sysctrl.o)
 .text.am_hal_sysctrl_fpu_disable
                0x00000000       0x10 ../../../../../mcu/apollo3/hal/gcc/bin/libam_hal.a(am_hal_sysctrl.o)
 .text.am_hal_sysctrl_fpu_stacking_enable
                0x00000000       0x34 ../../../../../mcu/apollo3/hal/gcc/bin/libam_hal.a(am_hal_sysctrl.o)
 .text.am_hal_sysctrl_fpu_stacking_disable
                0x00000000       0x24 ../../../../../mcu/apollo3/hal/gcc/bin/libam_hal.a(am_hal_sysctrl.o)
 .text.am_hal_sysctrl_aircr_reset
                0x00000000       0x24 ../../../../../mcu/apollo3/hal/gcc/bin/libam_hal.a(am_hal_sysctrl.o)
 .text          0x00000000        0x0 ../../../../../mcu/apollo3/hal/gcc/bin/libam_hal.a(am_hal_uart.o)
 .data          0x00000000        0x0 ../../../../../mcu/apollo3/hal/gcc/bin/libam_hal.a(am_hal_uart.o)
 .bss           0x00000000        0x0 ../../../../../mcu/apollo3/hal/gcc/bin/libam_hal.a(am_hal_uart.o)
 .text.am_hal_uart_deinitialize
                0x00000000       0x28 ../../../../../mcu/apollo3/hal/gcc/bin/libam_hal.a(am_hal_uart.o)
 .text.am_hal_uart_tx_flush
                0x00000000       0x50 ../../../../../mcu/apollo3/hal/gcc/bin/libam_hal.a(am_hal_uart.o)
 .text.am_hal_uart_flags_get
                0x00000000       0x24 ../../../../../mcu/apollo3/hal/gcc/bin/libam_hal.a(am_hal_uart.o)
 .text.am_hal_uart_interrupt_disable
                0x00000000       0x2c ../../../../../mcu/apollo3/hal/gcc/bin/libam_hal.a(am_hal_uart.o)
 .text          0x00000000        0x0 ../../../../../mcu/apollo3/hal/gcc/bin/libam_hal.a(am_hal_pwrctrl.o)
 .data          0x00000000        0x0 ../../../../../mcu/apollo3/hal/gcc/bin/libam_hal.a(am_hal_pwrctrl.o)
 .bss           0x00000000        0x0 ../../../../../mcu/apollo3/hal/gcc/bin/libam_hal.a(am_hal_pwrctrl.o)
 .text.am_hal_pwrctrl_periph_enabled
                0x00000000       0x58 ../../../../../mcu/apollo3/hal/gcc/bin/libam_hal.a(am_hal_pwrctrl.o)
 .text.am_hal_pwrctrl_memory_enable
                0x00000000       0x90 ../../../../../mcu/apollo3/hal/gcc/bin/libam_hal.a(am_hal_pwrctrl.o)
 .text.am_hal_pwrctrl_low_power_init
                0x00000000       0xe4 ../../../../../mcu/apollo3/hal/gcc/bin/libam_hal.a(am_hal_pwrctrl.o)
 .rodata.am_hal_pwrctrl_memory_control
                0x00000000      0x168 ../../../../../mcu/apollo3/hal/gcc/bin/libam_hal.a(am_hal_pwrctrl.o)
 .text          0x00000000        0x0 ../../../../../mcu/apollo3/hal/gcc/bin/libam_hal.a(am_hal_queue.o)
 .data          0x00000000        0x0 ../../../../../mcu/apollo3/hal/gcc/bin/libam_hal.a(am_hal_queue.o)
 .bss           0x00000000        0x0 ../../../../../mcu/apollo3/hal/gcc/bin/libam_hal.a(am_hal_queue.o)

Memory Configuration

Name             Origin             Length             Attributes
FLASH            0x0000c000         0x000f0000         xr
SRAM             0x10000000         0x00060000         xrw
*default*        0x00000000         0xffffffff

Linker script and memory map


.text           0x0000c000     0x3188
                0x0000c000                . = ALIGN (0x4)
 *(.isr_vector)
 .isr_vector    0x0000c000       0xc0 bin/startup_gcc.o
                0x0000c000                g_am_pfnVectors
 *(.patch)
 .patch         0x0000c0c0       0x40 bin/startup_gcc.o
                0x0000c0c0                __Patchable
 *(.text)
 .text          0x0000c100       0x30 c:/program files (x86)/gnu tools arm embedded/8 2018-q4-major/bin/../lib/gcc/arm-none-eabi/8.2.1/thumb/v7e-m+fp/hard\libgcc.a(_aeabi_uldivmod.o)
                0x0000c100                __aeabi_uldivmod
 .text          0x0000c130      0x2d0 c:/program files (x86)/gnu tools arm embedded/8 2018-q4-major/bin/../lib/gcc/arm-none-eabi/8.2.1/thumb/v7e-m+fp/hard\libgcc.a(_udivmoddi4.o)
                0x0000c130                __udivmoddi4
 .text          0x0000c400        0x4 c:/program files (x86)/gnu tools arm embedded/8 2018-q4-major/bin/../lib/gcc/arm-none-eabi/8.2.1/thumb/v7e-m+fp/hard\libgcc.a(_dvmd_tls.o)
                0x0000c400                __aeabi_idiv0
                0x0000c400                __aeabi_ldiv0
 *(.text*)
 .text.__NVIC_EnableIRQ
                0x0000c404       0x3c bin/main.o
 .text.__NVIC_DisableIRQ
                0x0000c440       0x44 bin/main.o
 .text.main     0x0000c484      0x130 bin/main.o
                0x0000c484                main
 .text.setup    0x0000c5b4       0x24 bin/main.o
                0x0000c5b4                setup
 .text.detect_baud_rate
                0x0000c5d8      0x280 bin/main.o
                0x0000c5d8                detect_baud_rate
 .text.start_uart_bl
                0x0000c858       0xd4 bin/main.o
                0x0000c858                start_uart_bl
 .text.enter_bootload
                0x0000c92c      0x12c bin/main.o
                0x0000c92c                enter_bootload
 .text.handle_frame_packet
                0x0000ca58       0xec bin/main.o
                0x0000ca58                handle_frame_packet
 .text.app_start
                0x0000cb44       0x38 bin/main.o
                0x0000cb44                app_start
 .text.debug_printf
                0x0000cb7c       0x12 bin/main.o
                0x0000cb7c                debug_printf
 *fill*         0x0000cb8e        0x2 
 .text.am_uart_isr
                0x0000cb90       0x70 bin/main.o
                0x0000cb90                am_uart_isr
 .text.am_uart1_isr
                0x0000cc00        0xe bin/main.o
                0x0000cc00                am_uart1_isr
 *fill*         0x0000cc0e        0x2 
 .text.am_gpio_isr
                0x0000cc10       0x48 bin/main.o
                0x0000cc10                am_gpio_isr
 .text.am_stimer_isr
                0x0000cc58       0x20 bin/main.o
                0x0000cc58                am_stimer_isr
 .text.am_util_delay_ms
                0x0000cc78       0x3c bin/am_util_delay.o
                0x0000cc78                am_util_delay_ms
 .text.am_util_delay_us
                0x0000ccb4       0x3c bin/am_util_delay.o
                0x0000ccb4                am_util_delay_us
 .text.HardFault_Handler
                0x0000ccf0       0x1e bin/am_util_faultisr.o
                0x0000ccf0                HardFault_Handler
 .text.getStackedReg
                0x0000cd0e        0xc bin/am_util_faultisr.o
                0x0000cd0e                getStackedReg
 *fill*         0x0000cd1a        0x2 
 .text.am_util_faultisr_collect_data
                0x0000cd1c       0xe4 bin/am_util_faultisr.o
                0x0000cd1c                am_util_faultisr_collect_data
 .text.Reset_Handler
                0x0000ce00       0x68 bin/startup_gcc.o
                0x0000ce00                Reset_Handler
 .text.NMI_Handler
                0x0000ce68        0x6 bin/startup_gcc.o
                0x0000ce68                NMI_Handler
 .text.am_default_isr
                0x0000ce6e        0x6 bin/startup_gcc.o
                0x0000ce6e                DebugMon_Handler
                0x0000ce6e                am_iomaster4_isr
                0x0000ce6e                SysTick_Handler
                0x0000ce6e                PendSV_Handler
                0x0000ce6e                am_rtc_isr
                0x0000ce6e                am_stimer_cmpr3_isr
                0x0000ce6e                am_adc_isr
                0x0000ce6e                am_iomaster3_isr
                0x0000ce6e                am_clkgen_isr
                0x0000ce6e                am_software0_isr
                0x0000ce6e                am_stimer_cmpr5_isr
                0x0000ce6e                am_iomaster5_isr
                0x0000ce6e                am_pdm0_isr
                0x0000ce6e                am_ctimer_isr
                0x0000ce6e                am_ioslave_acc_isr
                0x0000ce6e                am_mspi0_isr
                0x0000ce6e                am_stimer_cmpr6_isr
                0x0000ce6e                am_iomaster1_isr
                0x0000ce6e                am_brownout_isr
                0x0000ce6e                am_vcomp_isr
                0x0000ce6e                am_stimer_cmpr1_isr
                0x0000ce6e                am_iomaster2_isr
                0x0000ce6e                SVC_Handler
                0x0000ce6e                am_stimer_cmpr2_isr
                0x0000ce6e                am_ioslave_ios_isr
                0x0000ce6e                am_stimer_cmpr7_isr
                0x0000ce6e                am_scard_isr
                0x0000ce6e                am_watchdog_isr
                0x0000ce6e                am_stimer_cmpr0_isr
                0x0000ce6e                am_iomaster0_isr
                0x0000ce6e                am_ble_isr
                0x0000ce6e                am_stimer_cmpr4_isr
                0x0000ce6e                am_default_isr
 .text.art_svl_ringbuf_init
                0x0000ce74       0x42 bin/svl_ringbuf.o
                0x0000ce74                art_svl_ringbuf_init
 .text.art_svl_ringbuf_available
                0x0000ceb6       0x54 bin/svl_ringbuf.o
                0x0000ceb6                art_svl_ringbuf_available
 .text.art_svl_ringbuf_bytes_free
                0x0000cf0a       0x58 bin/svl_ringbuf.o
                0x0000cf0a                art_svl_ringbuf_bytes_free
 .text.art_svl_ringbuf_write
                0x0000cf62       0x5e bin/svl_ringbuf.o
                0x0000cf62                art_svl_ringbuf_write
 .text.art_svl_ringbuf_read
                0x0000cfc0       0x5e bin/svl_ringbuf.o
                0x0000cfc0                art_svl_ringbuf_read
 *fill*         0x0000d01e        0x2 
 .text.svl_packet_link_read_fn
                0x0000d020       0x2c bin/svl_packet.o
                0x0000d020                svl_packet_link_read_fn
 .text.svl_packet_link_write_fn
                0x0000d04c       0x2c bin/svl_packet.o
                0x0000d04c                svl_packet_link_write_fn
 .text.svl_packet_link_avail_fn
                0x0000d078       0x2c bin/svl_packet.o
                0x0000d078                svl_packet_link_avail_fn
 .text.svl_packet_link_millis_fn
                0x0000d0a4       0x20 bin/svl_packet.o
                0x0000d0a4                svl_packet_link_millis_fn
 .text.svl_packet_send
                0x0000d0c4      0x13c bin/svl_packet.o
                0x0000d0c4                svl_packet_send
 .text.svl_packet_wait
                0x0000d200      0x12c bin/svl_packet.o
                0x0000d200                svl_packet_wait
 .text.svl_packet_get_uint16_t
                0x0000d32c       0x70 bin/svl_packet.o
                0x0000d32c                svl_packet_get_uint16_t
 .text.svl_packet_wait_bytes
                0x0000d39c       0x8c bin/svl_packet.o
                0x0000d39c                svl_packet_wait_bytes
 .text.svl_packet_get_crc16
                0x0000d428       0xc4 bin/svl_packet.o
                0x0000d428                svl_packet_get_crc16
 .text.svl_uart_read
                0x0000d4ec       0x3c bin/svl_uart.o
                0x0000d4ec                svl_uart_read
 .text.svl_uart_write
                0x0000d528       0x3e bin/svl_uart.o
                0x0000d528                svl_uart_write
 .text.svl_uart_write_byte
                0x0000d566       0x22 bin/svl_uart.o
                0x0000d566                svl_uart_write_byte
 .text._fill_ticks
                0x0000d588       0x58 bin/svl_utils.o
                0x0000d588                _fill_ticks
 .text.millis   0x0000d5e0       0x28 bin/svl_utils.o
                0x0000d5e0                millis
 .text.enable_burst_mode
                0x0000d608       0x34 bin/svl_utils.o
                0x0000d608                enable_burst_mode
 .text.disable_burst_mode
                0x0000d63c       0x2c bin/svl_utils.o
                0x0000d63c                disable_burst_mode
 .text.ap3_gpio_enable_interrupts
                0x0000d668       0xc8 bin/svl_utils.o
                0x0000d668                ap3_gpio_enable_interrupts
 .text.memset   0x0000d730       0x10 c:/program files (x86)/gnu tools arm embedded/8 2018-q4-major/bin/../lib/gcc/arm-none-eabi/8.2.1/../../../../arm-none-eabi/lib/thumb/v7e-m+fp/hard\libc_nano.a(lib_a-memset.o)
                0x0000d730                memset
 .text.am_hal_burst_mode_initialize
                0x0000d740       0x90 ../../../../../mcu/apollo3/hal/gcc/bin/libam_hal.a(am_hal_burst.o)
                0x0000d740                am_hal_burst_mode_initialize
 .text.am_hal_burst_mode_enable
                0x0000d7d0       0x5c ../../../../../mcu/apollo3/hal/gcc/bin/libam_hal.a(am_hal_burst.o)
                0x0000d7d0                am_hal_burst_mode_enable
 .text.am_hal_burst_mode_disable
                0x0000d82c       0x60 ../../../../../mcu/apollo3/hal/gcc/bin/libam_hal.a(am_hal_burst.o)
                0x0000d82c                am_hal_burst_mode_disable
 .text.am_hal_cachectrl_config
                0x0000d88c       0x4c ../../../../../mcu/apollo3/hal/gcc/bin/libam_hal.a(am_hal_cachectrl.o)
                0x0000d88c                am_hal_cachectrl_config
 .text.am_hal_cachectrl_enable
                0x0000d8d8       0x14 ../../../../../mcu/apollo3/hal/gcc/bin/libam_hal.a(am_hal_cachectrl.o)
                0x0000d8d8                am_hal_cachectrl_enable
 .text.am_hal_clkgen_control
                0x0000d8ec      0x118 ../../../../../mcu/apollo3/hal/gcc/bin/libam_hal.a(am_hal_clkgen.o)
                0x0000d8ec                am_hal_clkgen_control
 .text.am_hal_clkgen_status_get
                0x0000da04       0x3c ../../../../../mcu/apollo3/hal/gcc/bin/libam_hal.a(am_hal_clkgen.o)
                0x0000da04                am_hal_clkgen_status_get
 .text.am_hal_flash_page_erase
                0x0000da40        0x8 ../../../../../mcu/apollo3/hal/gcc/bin/libam_hal.a(am_hal_flash.o)
                0x0000da40                am_hal_flash_page_erase
 .text.am_hal_flash_program_main
                0x0000da48       0x5c ../../../../../mcu/apollo3/hal/gcc/bin/libam_hal.a(am_hal_flash.o)
                0x0000da48                am_hal_flash_program_main
 .text.am_hal_flash_delay
                0x0000daa4       0x20 ../../../../../mcu/apollo3/hal/gcc/bin/libam_hal.a(am_hal_flash.o)
                0x0000daa4                am_hal_flash_delay
 .text.am_hal_flash_delay_status_check
                0x0000dac4       0x74 ../../../../../mcu/apollo3/hal/gcc/bin/libam_hal.a(am_hal_flash.o)
                0x0000dac4                am_hal_flash_delay_status_check
 .text.am_hal_flash_store_ui32
                0x0000db38        0xc ../../../../../mcu/apollo3/hal/gcc/bin/libam_hal.a(am_hal_flash.o)
                0x0000db38                am_hal_flash_store_ui32
 .text.am_hal_gpio_pinconfig
                0x0000db44      0x278 ../../../../../mcu/apollo3/hal/gcc/bin/libam_hal.a(am_hal_gpio.o)
                0x0000db44                am_hal_gpio_pinconfig
 .text.am_hal_gpio_interrupt_enable
                0x0000ddbc       0x48 ../../../../../mcu/apollo3/hal/gcc/bin/libam_hal.a(am_hal_gpio.o)
                0x0000ddbc                am_hal_gpio_interrupt_enable
 .text.am_hal_gpio_interrupt_disable
                0x0000de04       0x4c ../../../../../mcu/apollo3/hal/gcc/bin/libam_hal.a(am_hal_gpio.o)
                0x0000de04                am_hal_gpio_interrupt_disable
 .text.am_hal_gpio_interrupt_clear
                0x0000de50       0x3c ../../../../../mcu/apollo3/hal/gcc/bin/libam_hal.a(am_hal_gpio.o)
                0x0000de50                am_hal_gpio_interrupt_clear
 .text.am_hal_interrupt_master_enable
                0x0000de8c        0x8 ../../../../../mcu/apollo3/hal/gcc/bin/libam_hal.a(am_hal_interrupt.o)
                0x0000de8c                am_hal_interrupt_master_enable
 .text.am_hal_interrupt_master_disable
                0x0000de94        0x8 ../../../../../mcu/apollo3/hal/gcc/bin/libam_hal.a(am_hal_interrupt.o)
                0x0000de94                am_hal_interrupt_master_disable
 .text.am_hal_interrupt_master_set
                0x0000de9c        0x8 ../../../../../mcu/apollo3/hal/gcc/bin/libam_hal.a(am_hal_interrupt.o)
                0x0000de9c                am_hal_interrupt_master_set
 .text.am_hal_mcuctrl_info_get
                0x0000dea4      0x12c ../../../../../mcu/apollo3/hal/gcc/bin/libam_hal.a(am_hal_mcuctrl.o)
                0x0000dea4                am_hal_mcuctrl_info_get
 .text.am_hal_reset_control
                0x0000dfd0       0x40 ../../../../../mcu/apollo3/hal/gcc/bin/libam_hal.a(am_hal_reset.o)
                0x0000dfd0                am_hal_reset_control
 .text.am_hal_stimer_counter_get
                0x0000e010        0xc ../../../../../mcu/apollo3/hal/gcc/bin/libam_hal.a(am_hal_stimer.o)
                0x0000e010                am_hal_stimer_counter_get
 .text.am_hal_stimer_int_clear
                0x0000e01c        0xc ../../../../../mcu/apollo3/hal/gcc/bin/libam_hal.a(am_hal_stimer.o)
                0x0000e01c                am_hal_stimer_int_clear
 .text.am_hal_sysctrl_sleep
                0x0000e028       0x70 ../../../../../mcu/apollo3/hal/gcc/bin/libam_hal.a(am_hal_sysctrl.o)
                0x0000e028                am_hal_sysctrl_sleep
 .text.am_hal_uart_initialize
                0x0000e098       0x50 ../../../../../mcu/apollo3/hal/gcc/bin/libam_hal.a(am_hal_uart.o)
                0x0000e098                am_hal_uart_initialize
 .text.am_hal_uart_power_control
                0x0000e0e8       0xe4 ../../../../../mcu/apollo3/hal/gcc/bin/libam_hal.a(am_hal_uart.o)
                0x0000e0e8                am_hal_uart_power_control
 .text.am_hal_uart_configure
                0x0000e1cc      0x248 ../../../../../mcu/apollo3/hal/gcc/bin/libam_hal.a(am_hal_uart.o)
                0x0000e1cc                am_hal_uart_configure
 .text.am_hal_uart_transfer
                0x0000e414      0x474 ../../../../../mcu/apollo3/hal/gcc/bin/libam_hal.a(am_hal_uart.o)
                0x0000e414                am_hal_uart_transfer
 .text.am_hal_uart_interrupt_service
                0x0000e888      0x11c ../../../../../mcu/apollo3/hal/gcc/bin/libam_hal.a(am_hal_uart.o)
                0x0000e888                am_hal_uart_interrupt_service
 .text.am_hal_uart_interrupt_enable
                0x0000e9a4       0x28 ../../../../../mcu/apollo3/hal/gcc/bin/libam_hal.a(am_hal_uart.o)
                0x0000e9a4                am_hal_uart_interrupt_enable
 .text.am_hal_uart_interrupt_clear
                0x0000e9cc       0x24 ../../../../../mcu/apollo3/hal/gcc/bin/libam_hal.a(am_hal_uart.o)
                0x0000e9cc                am_hal_uart_interrupt_clear
 .text.am_hal_uart_interrupt_status_get
                0x0000e9f0       0x38 ../../../../../mcu/apollo3/hal/gcc/bin/libam_hal.a(am_hal_uart.o)
                0x0000e9f0                am_hal_uart_interrupt_status_get
 .text.am_hal_pwrctrl_periph_enable
                0x0000ea28       0x54 ../../../../../mcu/apollo3/hal/gcc/bin/libam_hal.a(am_hal_pwrctrl.o)
                0x0000ea28                am_hal_pwrctrl_periph_enable
 .text.am_hal_pwrctrl_periph_disable
                0x0000ea7c       0x58 ../../../../../mcu/apollo3/hal/gcc/bin/libam_hal.a(am_hal_pwrctrl.o)
                0x0000ea7c                am_hal_pwrctrl_periph_disable
 .text.am_hal_queue_init
                0x0000ead4       0x18 ../../../../../mcu/apollo3/hal/gcc/bin/libam_hal.a(am_hal_queue.o)
                0x0000ead4                am_hal_queue_init
 .text.am_hal_queue_item_add
                0x0000eaec       0x70 ../../../../../mcu/apollo3/hal/gcc/bin/libam_hal.a(am_hal_queue.o)
                0x0000eaec                am_hal_queue_item_add
 .text.am_hal_queue_item_get
                0x0000eb5c       0x70 ../../../../../mcu/apollo3/hal/gcc/bin/libam_hal.a(am_hal_queue.o)
                0x0000eb5c                am_hal_queue_item_get
 *(.rodata)
 .rodata        0x0000ebcc      0x315 bin/main.o
 *(.rodata*)
 *fill*         0x0000eee1        0x3 
 .rodata.am_hal_cachectrl_defaults
                0x0000eee4        0x3 ../../../../../mcu/apollo3/hal/gcc/bin/libam_hal.a(am_hal_cachectrl.o)
                0x0000eee4                am_hal_cachectrl_defaults
 *fill*         0x0000eee7        0x1 
 .rodata.g_AM_HAL_GPIO_INPUT_PULLUP
                0x0000eee8        0x4 ../../../../../mcu/apollo3/hal/gcc/bin/libam_hal.a(am_hal_gpio.o)
                0x0000eee8                g_AM_HAL_GPIO_INPUT_PULLUP
 .rodata.g_ui8Bit76Capabilities
                0x0000eeec       0x32 ../../../../../mcu/apollo3/hal/gcc/bin/libam_hal.a(am_hal_gpio.o)
 *fill*         0x0000ef1e        0x2 
 .rodata.g_ui8NCEtable
                0x0000ef20       0xc8 ../../../../../mcu/apollo3/hal/gcc/bin/libam_hal.a(am_hal_gpio.o)
 .rodata.g_ui8Inpen
                0x0000efe8       0x32 ../../../../../mcu/apollo3/hal/gcc/bin/libam_hal.a(am_hal_gpio.o)
 *fill*         0x0000f01a        0x2 
 .rodata.g_AM_HAL_GPIO_DISABLE
                0x0000f01c        0x4 ../../../../../mcu/apollo3/hal/gcc/bin/libam_hal.a(am_hal_gpio.o)
                0x0000f01c                g_AM_HAL_GPIO_DISABLE
 .rodata.g_ui8nCEpins
                0x0000f020       0x32 ../../../../../mcu/apollo3/hal/gcc/bin/libam_hal.a(am_hal_gpio.o)
 *fill*         0x0000f052        0x2 
 .rodata.g_am_hal_mcuctrl_flash_size
                0x0000f054       0x40 ../../../../../mcu/apollo3/hal/gcc/bin/libam_hal.a(am_hal_mcuctrl.o)
                0x0000f054                g_am_hal_mcuctrl_flash_size
 .rodata.g_am_hal_mcuctrl_sram_size
                0x0000f094       0x40 ../../../../../mcu/apollo3/hal/gcc/bin/libam_hal.a(am_hal_mcuctrl.o)
                0x0000f094                g_am_hal_mcuctrl_sram_size
 .rodata.am_hal_pwrctrl_peripheral_control
                0x0000f0d4       0xb4 ../../../../../mcu/apollo3/hal/gcc/bin/libam_hal.a(am_hal_pwrctrl.o)
                0x0000f0d4                am_hal_pwrctrl_peripheral_control
                0x0000f188                _etext = .

.glue_7         0x0000f188        0x0
 .glue_7        0x0000f188        0x0 linker stubs

.glue_7t        0x0000f188        0x0
 .glue_7t       0x0000f188        0x0 linker stubs

.vfp11_veneer   0x0000f188        0x0
 .vfp11_veneer  0x0000f188        0x0 linker stubs

.v4_bx          0x0000f188        0x0
 .v4_bx         0x0000f188        0x0 linker stubs

.iplt           0x0000f188        0x0
 .iplt          0x0000f188        0x0 bin/main.o

.rel.dyn        0x0000f188        0x0
 .rel.iplt      0x0000f188        0x0 bin/main.o

.ARM.exidx      0x0000f188        0x8
 .ARM.exidx     0x0000f188        0x8 c:/program files (x86)/gnu tools arm embedded/8 2018-q4-major/bin/../lib/gcc/arm-none-eabi/8.2.1/thumb/v7e-m+fp/hard\libgcc.a(_udivmoddi4.o)

.stack          0x10000000     0x1000
                0x10000000                . = ALIGN (0x8)
 *(.stack)
 .stack         0x10000000     0x1000 bin/startup_gcc.o
 *(.stack*)
                0x10001000                . = ALIGN (0x8)

.data           0x10001000        0xc load address 0x0000f190
                0x10001000                . = ALIGN (0x4)
                0x10001000                _sdata = .
 *(.data)
 *(.data*)
 .data.SRAM_write_ui32
                0x10001000        0xc ../../../../../mcu/apollo3/hal/gcc/bin/libam_hal.a(am_hal_flash.o)
                0x10001000                SRAM_write_ui32
                0x1000100c                . = ALIGN (0x4)
                0x1000100c                _edata = .
                0x0000f190                _init_data = LOADADDR (.data)

.igot.plt       0x1000100c        0x0 load address 0x0000f19c
 .igot.plt      0x1000100c        0x0 bin/main.o

.bss            0x10001010      0x92c load address 0x0000f19c
                0x10001010                . = ALIGN (0x4)
                0x10001010                _sbss = .
 *(.bss)
 *(.bss*)
 .bss.bl_rx_ringbuf
                0x10001010       0x10 bin/main.o
                0x10001010                bl_rx_ringbuf
 .bss.hUART_bl  0x10001020        0x4 bin/main.o
                0x10001020                hUART_bl
 .bss.bl_baud_ticks_index
                0x10001024        0x1 bin/main.o
                0x10001024                bl_baud_ticks_index
 *fill*         0x10001025        0x3 
 .bss.bl_baud_ticks
                0x10001028       0x14 bin/main.o
                0x10001028                bl_baud_ticks
 .bss.frame_buffer.22231
                0x1000103c      0x800 bin/main.o
 .bss.read_param
                0x1000183c        0x4 bin/svl_packet.o
                0x1000183c                read_param
 .bss.write_param
                0x10001840        0x4 bin/svl_packet.o
                0x10001840                write_param
 .bss.avail_param
                0x10001844        0x4 bin/svl_packet.o
                0x10001844                avail_param
 .bss.read_fn   0x10001848        0x4 bin/svl_packet.o
                0x10001848                read_fn
 .bss.write_fn  0x1000184c        0x4 bin/svl_packet.o
                0x1000184c                write_fn
 .bss.avail_fn  0x10001850        0x4 bin/svl_packet.o
                0x10001850                avail_fn
 .bss.millis_fn
                0x10001854        0x4 bin/svl_packet.o
                0x10001854                millis_fn
 .bss.ap3_stimer_overflows
                0x10001858        0x4 bin/svl_utils.o
                0x10001858                ap3_stimer_overflows
 *fill*         0x1000185c        0x4 
 .bss.ticks     0x10001860        0x8 bin/svl_utils.o
                0x10001860                ticks
 .bss.g_am_hal_burst_mode_available
                0x10001868        0x1 ../../../../../mcu/apollo3/hal/gcc/bin/libam_hal.a(am_hal_burst.o)
                0x10001868                g_am_hal_burst_mode_available
 *fill*         0x10001869        0x3 
 .bss.gAmHalResetStatus
                0x1000186c        0x4 ../../../../../mcu/apollo3/hal/gcc/bin/libam_hal.a(am_hal_reset.o)
                0x1000186c                gAmHalResetStatus
 .bss.g_ui32BusWriteFlush
                0x10001870        0x4 ../../../../../mcu/apollo3/hal/gcc/bin/libam_hal.a(am_hal_sysctrl.o)
 *(COMMON)
 COMMON         0x10001874       0xc8 ../../../../../mcu/apollo3/hal/gcc/bin/libam_hal.a(am_hal_uart.o)
                0x10001874                g_am_hal_uart_states
                0x1000193c                . = ALIGN (0x4)
                0x1000193c                _ebss = .

.heap           0x1000193c        0x0 load address 0x0000f19c
                0x1000193c                __end__ = .
                [!provide]                PROVIDE (end = .)
 *(.heap*)
                0x1000193c                __HeapLimit = .

.ARM.attributes
                0x00000000       0x34
 *(.ARM.attributes)
 .ARM.attributes
                0x00000000       0x34 bin/main.o
 .ARM.attributes
                0x00000034       0x34 bin/am_util_delay.o
 .ARM.attributes
                0x00000068       0x34 bin/am_util_faultisr.o
 .ARM.attributes
                0x0000009c       0x34 bin/startup_gcc.o
 .ARM.attributes
                0x000000d0       0x34 bin/svl_ringbuf.o
 .ARM.attributes
                0x00000104       0x34 bin/svl_packet.o
 .ARM.attributes
                0x00000138       0x34 bin/svl_uart.o
 .ARM.attributes
                0x0000016c       0x34 bin/svl_utils.o
 .ARM.attributes
                0x000001a0       0x34 c:/program files (x86)/gnu tools arm embedded/8 2018-q4-major/bin/../lib/gcc/arm-none-eabi/8.2.1/../../../../arm-none-eabi/lib/thumb/v7e-m+fp/hard\libc_nano.a(lib_a-memset.o)
 .ARM.attributes
                0x000001d4       0x1e c:/program files (x86)/gnu tools arm embedded/8 2018-q4-major/bin/../lib/gcc/arm-none-eabi/8.2.1/thumb/v7e-m+fp/hard\libgcc.a(_aeabi_uldivmod.o)
 .ARM.attributes
                0x000001f2       0x34 c:/program files (x86)/gnu tools arm embedded/8 2018-q4-major/bin/../lib/gcc/arm-none-eabi/8.2.1/thumb/v7e-m+fp/hard\libgcc.a(_udivmoddi4.o)
 .ARM.attributes
                0x00000226       0x1e c:/program files (x86)/gnu tools arm embedded/8 2018-q4-major/bin/../lib/gcc/arm-none-eabi/8.2.1/thumb/v7e-m+fp/hard\libgcc.a(_dvmd_tls.o)
 .ARM.attributes
                0x00000244       0x39 ../../../../../mcu/apollo3/hal/gcc/bin/libam_hal.a(am_hal_burst.o)
 .ARM.attributes
                0x0000027d       0x39 ../../../../../mcu/apollo3/hal/gcc/bin/libam_hal.a(am_hal_cachectrl.o)
 .ARM.attributes
                0x000002b6       0x39 ../../../../../mcu/apollo3/hal/gcc/bin/libam_hal.a(am_hal_clkgen.o)
 .ARM.attributes
                0x000002ef       0x39 ../../../../../mcu/apollo3/hal/gcc/bin/libam_hal.a(am_hal_flash.o)
 .ARM.attributes
                0x00000328       0x39 ../../../../../mcu/apollo3/hal/gcc/bin/libam_hal.a(am_hal_gpio.o)
 .ARM.attributes
                0x00000361       0x39 ../../../../../mcu/apollo3/hal/gcc/bin/libam_hal.a(am_hal_interrupt.o)
 .ARM.attributes
                0x0000039a       0x39 ../../../../../mcu/apollo3/hal/gcc/bin/libam_hal.a(am_hal_mcuctrl.o)
 .ARM.attributes
                0x000003d3       0x39 ../../../../../mcu/apollo3/hal/gcc/bin/libam_hal.a(am_hal_reset.o)
 .ARM.attributes
                0x0000040c       0x39 ../../../../../mcu/apollo3/hal/gcc/bin/libam_hal.a(am_hal_stimer.o)
 .ARM.attributes
                0x00000445       0x39 ../../../../../mcu/apollo3/hal/gcc/bin/libam_hal.a(am_hal_sysctrl.o)
 .ARM.attributes
                0x0000047e       0x39 ../../../../../mcu/apollo3/hal/gcc/bin/libam_hal.a(am_hal_uart.o)
 .ARM.attributes
                0x000004b7       0x39 ../../../../../mcu/apollo3/hal/gcc/bin/libam_hal.a(am_hal_pwrctrl.o)
 .ARM.attributes
                0x000004f0       0x39 ../../../../../mcu/apollo3/hal/gcc/bin/libam_hal.a(am_hal_queue.o)
LOAD bin/main.o
LOAD bin/am_devices_led.o
LOAD bin/am_util_delay.o
LOAD bin/am_util_faultisr.o
LOAD bin/am_util_stdio.o
LOAD bin/am_util_id.o
LOAD bin/startup_gcc.o
LOAD bin/svl_ringbuf.o
LOAD bin/svl_packet.o
LOAD bin/svl_uart.o
LOAD bin/svl_utils.o
START GROUP
LOAD c:/program files (x86)/gnu tools arm embedded/8 2018-q4-major/bin/../lib/gcc/arm-none-eabi/8.2.1/../../../../arm-none-eabi/lib/thumb/v7e-m+fp/hard\libm.a
LOAD c:/program files (x86)/gnu tools arm embedded/8 2018-q4-major/bin/../lib/gcc/arm-none-eabi/8.2.1/../../../../arm-none-eabi/lib/thumb/v7e-m+fp/hard\libc_nano.a
LOAD c:/program files (x86)/gnu tools arm embedded/8 2018-q4-major/bin/../lib/gcc/arm-none-eabi/8.2.1/thumb/v7e-m+fp/hard\libgcc.a
LOAD ../../../../../mcu/apollo3/hal/gcc/bin/libam_hal.a
LOAD ../../../bsp/gcc/bin/libam_bsp.a
END GROUP
START GROUP
LOAD c:/program files (x86)/gnu tools arm embedded/8 2018-q4-major/bin/../lib/gcc/arm-none-eabi/8.2.1/thumb/v7e-m+fp/hard\libgcc.a
LOAD c:/program files (x86)/gnu tools arm embedded/8 2018-q4-major/bin/../lib/gcc/arm-none-eabi/8.2.1/../../../../arm-none-eabi/lib/thumb/v7e-m+fp/hard\libc_nano.a
END GROUP
START GROUP
LOAD c:/program files (x86)/gnu tools arm embedded/8 2018-q4-major/bin/../lib/gcc/arm-none-eabi/8.2.1/thumb/v7e-m+fp/hard\libgcc.a
LOAD c:/program files (x86)/gnu tools arm embedded/8 2018-q4-major/bin/../lib/gcc/arm-none-eabi/8.2.1/../../../../arm-none-eabi/lib/thumb/v7e-m+fp/hard\libc_nano.a
LOAD c:/program files (x86)/gnu tools arm embedded/8 2018-q4-major/bin/../lib/gcc/arm-none-eabi/8.2.1/../../../../arm-none-eabi/lib/thumb/v7e-m+fp/hard\libnosys.a
END GROUP
START GROUP
LOAD c:/program files (x86)/gnu tools arm embedded/8 2018-q4-major/bin/../lib/gcc/arm-none-eabi/8.2.1/thumb/v7e-m+fp/hard\libgcc.a
LOAD c:/program files (x86)/gnu tools arm embedded/8 2018-q4-major/bin/../lib/gcc/arm-none-eabi/8.2.1/../../../../arm-none-eabi/lib/thumb/v7e-m+fp/hard\libc_nano.a
LOAD c:/program files (x86)/gnu tools arm embedded/8 2018-q4-major/bin/../lib/gcc/arm-none-eabi/8.2.1/../../../../arm-none-eabi/lib/thumb/v7e-m+fp/hard\libnosys.a
END GROUP
OUTPUT(bin/artemis_svl.axf elf32-littlearm)

.debug_info     0x00000000     0xf054
 .debug_info    0x00000000     0x635c bin/main.o
 .debug_info    0x0000635c      0x8c4 bin/am_util_delay.o
 .debug_info    0x00006c20      0x9de bin/am_util_faultisr.o
 .debug_info    0x000075fe      0x18d bin/startup_gcc.o
 .debug_info    0x0000778b      0xafb bin/svl_ringbuf.o
 .debug_info    0x00008286     0x106b bin/svl_packet.o
 .debug_info    0x000092f1      0xda9 bin/svl_uart.o
 .debug_info    0x0000a09a     0x4fba bin/svl_utils.o

.debug_abbrev   0x00000000     0x12e7
 .debug_abbrev  0x00000000      0x42f bin/main.o
 .debug_abbrev  0x0000042f      0x1d8 bin/am_util_delay.o
 .debug_abbrev  0x00000607      0x209 bin/am_util_faultisr.o
 .debug_abbrev  0x00000810       0xd6 bin/startup_gcc.o
 .debug_abbrev  0x000008e6      0x234 bin/svl_ringbuf.o
 .debug_abbrev  0x00000b1a      0x326 bin/svl_packet.o
 .debug_abbrev  0x00000e40      0x1f4 bin/svl_uart.o
 .debug_abbrev  0x00001034      0x2b3 bin/svl_utils.o

.debug_aranges  0x00000000      0x238
 .debug_aranges
                0x00000000       0x88 bin/main.o
 .debug_aranges
                0x00000088       0x30 bin/am_util_delay.o
 .debug_aranges
                0x000000b8       0x30 bin/am_util_faultisr.o
 .debug_aranges
                0x000000e8       0x38 bin/startup_gcc.o
 .debug_aranges
                0x00000120       0x40 bin/svl_ringbuf.o
 .debug_aranges
                0x00000160       0x60 bin/svl_packet.o
 .debug_aranges
                0x000001c0       0x38 bin/svl_uart.o
 .debug_aranges
                0x000001f8       0x40 bin/svl_utils.o

.debug_ranges   0x00000000      0x1d0
 .debug_ranges  0x00000000       0x90 bin/main.o
 .debug_ranges  0x00000090       0x20 bin/am_util_delay.o
 .debug_ranges  0x000000b0       0x20 bin/am_util_faultisr.o
 .debug_ranges  0x000000d0       0x28 bin/startup_gcc.o
 .debug_ranges  0x000000f8       0x30 bin/svl_ringbuf.o
 .debug_ranges  0x00000128       0x50 bin/svl_packet.o
 .debug_ranges  0x00000178       0x28 bin/svl_uart.o
 .debug_ranges  0x000001a0       0x30 bin/svl_utils.o

.debug_line     0x00000000     0x20b6
 .debug_line    0x00000000      0x819 bin/main.o
 .debug_line    0x00000819      0x2bb bin/am_util_delay.o
 .debug_line    0x00000ad4      0x380 bin/am_util_faultisr.o
 .debug_line    0x00000e54      0x171 bin/startup_gcc.o
 .debug_line    0x00000fc5      0x30f bin/svl_ringbuf.o
 .debug_line    0x000012d4      0x552 bin/svl_packet.o
 .debug_line    0x00001826      0x3f2 bin/svl_uart.o
 .debug_line    0x00001c18      0x49e bin/svl_utils.o

.debug_str      0x00000000     0x5da1
 .debug_str     0x00000000     0x3b26 bin/main.o
                               0x3c89 (size before relaxing)
 .debug_str     0x00003b26       0xe9 bin/am_util_delay.o
                                0xb17 (size before relaxing)
 .debug_str     0x00003c0f      0x1b4 bin/am_util_faultisr.o
                                0xbf6 (size before relaxing)
 .debug_str     0x00003dc3       0x81 bin/startup_gcc.o
                                0x256 (size before relaxing)
 .debug_str     0x00003e44       0xa3 bin/svl_ringbuf.o
                                0x683 (size before relaxing)
 .debug_str     0x00003ee7      0x272 bin/svl_packet.o
                                0x8c3 (size before relaxing)
 .debug_str     0x00004159       0xf7 bin/svl_uart.o
                               0x1178 (size before relaxing)
 .debug_str     0x00004250     0x1b51 bin/svl_utils.o
                               0x33fa (size before relaxing)

.comment        0x00000000       0xe3
 .comment       0x00000000       0x75 bin/main.o
                                 0x76 (size before relaxing)
 .comment       0x00000075       0x76 bin/am_util_delay.o
 .comment       0x00000075       0x76 bin/am_util_faultisr.o
 .comment       0x00000075       0x76 bin/startup_gcc.o
 .comment       0x00000075       0x76 bin/svl_ringbuf.o
 .comment       0x00000075       0x76 bin/svl_packet.o
 .comment       0x00000075       0x76 bin/svl_uart.o
 .comment       0x00000075       0x76 bin/svl_utils.o
 .comment       0x00000075       0x6e ../../../../../mcu/apollo3/hal/gcc/bin/libam_hal.a(am_hal_burst.o)
                                 0x6f (size before relaxing)
 .comment       0x000000e3       0x6f ../../../../../mcu/apollo3/hal/gcc/bin/libam_hal.a(am_hal_cachectrl.o)
 .comment       0x000000e3       0x6f ../../../../../mcu/apollo3/hal/gcc/bin/libam_hal.a(am_hal_clkgen.o)
 .comment       0x000000e3       0x6f ../../../../../mcu/apollo3/hal/gcc/bin/libam_hal.a(am_hal_flash.o)
 .comment       0x000000e3       0x6f ../../../../../mcu/apollo3/hal/gcc/bin/libam_hal.a(am_hal_gpio.o)
 .comment       0x000000e3       0x6f ../../../../../mcu/apollo3/hal/gcc/bin/libam_hal.a(am_hal_interrupt.o)
 .comment       0x000000e3       0x6f ../../../../../mcu/apollo3/hal/gcc/bin/libam_hal.a(am_hal_mcuctrl.o)
 .comment       0x000000e3       0x6f ../../../../../mcu/apollo3/hal/gcc/bin/libam_hal.a(am_hal_reset.o)
 .comment       0x000000e3       0x6f ../../../../../mcu/apollo3/hal/gcc/bin/libam_hal.a(am_hal_stimer.o)
 .comment       0x000000e3       0x6f ../../../../../mcu/apollo3/hal/gcc/bin/libam_hal.a(am_hal_sysctrl.o)
 .comment       0x000000e3       0x6f ../../../../../mcu/apollo3/hal/gcc/bin/libam_hal.a(am_hal_uart.o)
 .comment       0x000000e3       0x6f ../../../../../mcu/apollo3/hal/gcc/bin/libam_hal.a(am_hal_pwrctrl.o)
 .comment       0x000000e3       0x6f ../../../../../mcu/apollo3/hal/gcc/bin/libam_hal.a(am_hal_queue.o)

.debug_frame    0x00000000      0x74c
 .debug_frame   0x00000000      0x200 bin/main.o
 .debug_frame   0x00000200       0x7c bin/am_util_delay.o
 .debug_frame   0x0000027c       0x50 bin/am_util_faultisr.o
 .debug_frame   0x000002cc       0x68 bin/startup_gcc.o
 .debug_frame   0x00000334       0xd0 bin/svl_ringbuf.o
 .debug_frame   0x00000404      0x168 bin/svl_packet.o
 .debug_frame   0x0000056c       0xa0 bin/svl_uart.o
 .debug_frame   0x0000060c       0xc0 bin/svl_utils.o
 .debug_frame   0x000006cc       0x20 c:/program files (x86)/gnu tools arm embedded/8 2018-q4-major/bin/../lib/gcc/arm-none-eabi/8.2.1/../../../../arm-none-eabi/lib/thumb/v7e-m+fp/hard\libc_nano.a(lib_a-memset.o)
 .debug_frame   0x000006ec       0x2c c:/program files (x86)/gnu tools arm embedded/8 2018-q4-major/bin/../lib/gcc/arm-none-eabi/8.2.1/thumb/v7e-m+fp/hard\libgcc.a(_aeabi_uldivmod.o)
 .debug_frame   0x00000718       0x34 c:/program files (x86)/gnu tools arm embedded/8 2018-q4-major/bin/../lib/gcc/arm-none-eabi/8.2.1/thumb/v7e-m+fp/hard\libgcc.a(_udivmoddi4.o)
